// Jest Snapshot v1, https://goo.gl/fbAQLP

exports[`renders App 1`] = `
<div>
  <nav
    className="navbar navbar-expand-md navbar-dark bg-dark"
  >
    <a
      className="navbar-brand"
      href="/"
    >
      Assessment
    </a>
    <button
      className="navbar-toggler"
      onClick={[Function]}
      type="button"
    >
      <span
        className="navbar-toggler-icon"
      />
    </button>
    <div
      className="collapse navbar-collapse"
      style={Object {}}
    >
      <ul
        className="ml-auto navbar-nav"
      >
        <li
          className="nav-item"
        >
          <a
            className="nav-link"
            href="./Register"
            onClick={[Function]}
          >
            Register
          </a>
        </li>
        <li
          className="nav-item"
        >
          <a
            className="nav-link"
            href="./Login"
            onClick={[Function]}
          >
            Login
          </a>
        </li>
        <li
          className="nav-item"
        >
          <a
            className="nav-link"
            href="./UserList"
            onClick={[Function]}
          >
            User List
          </a>
        </li>
      </ul>
    </div>
  </nav>
</div>
`;
